Microchip MPLAB XC8 Compiler V2.40

Linker command line:

-W-3 \
  --edf=C:\Program Files\Microchip\xc8\v2.40\pic\dat\20220703182018_en.msgs \
  -cn -h+dist/default/debug\mini-proj-da-mm.X.debug.sym \
  --cmf=dist/default/debug\mini-proj-da-mm.X.debug.cmf -z -Q18F67K40 \
  -oC:\Users\darci\AppData\Local\Temp\xcAsbm0.4 --defsym=__MPLAB_BUILD=1 \
  --fixupoverflow=error -Mdist/default/debug/mini-proj-da-mm.X.debug.map \
  --md=C:\Users\darci\AppData\Local\Temp\xcAsbm0.dat -E1 -ver=XC8 Compiler \
  --acfsm=1493 -ACODE=00h-01FFFFh -ACONST=00h-01FFFFh \
  -ASMALLCONST=0E00h-0EFFhx498 -AMEDIUMCONST=0E00h-0FFFFh,010E00h-01FFFFh \
  -ACOMRAM=01h-05Fh -AABS1=00h-0DE9h -ABIGRAM=01h-0DE9h \
  -ARAM=060h-0FFh,0100h-01FFhx12,0D00h-0DE9h -ABANK0=060h-0FFh \
  -ABANK1=0100h-01FFh -ABANK2=0200h-02FFh -ABANK3=0300h-03FFh \
  -ABANK4=0400h-04FFh -ABANK5=0500h-05FFh -ABANK6=0600h-06FFh \
  -ABANK7=0700h-07FFh -ABANK8=0800h-08FFh -ABANK9=0900h-09FFh \
  -ABANK10=0A00h-0AFFh -ABANK11=0B00h-0BFFh -ABANK12=0C00h-0CFFh \
  -ABANK13=0D00h-0DE9h \
  -ASFR=0DEFh-0DFFh,0E00h-0EFFh,0F00h-0F5Fh,0F60h-0FFFh \
  -ABIGSFR=0DEFh-0FFFh -ACONFIG=0300000h-030000Bh -AIDLOC=0200000h-020000Fh \
  -AEEDATA=0310000h-03103FFh -peeprom_data=EEDATA \
  -preset_vec=00h,intcode=08h,intcodelo,powerup,init -pramtop=0E00h \
  -psmallconst=SMALLCONST -pmediumconst=MEDIUMCONST -pconst=CONST \
  -AFARRAM=00h-00h \
  -prdata=COMRAM,nvrram=COMRAM,nvbit=COMRAM,rbss=COMRAM,rbit=COMRAM \
  -pfarbss=FARRAM,fardata=FARRAM,nvFARRAM=FARRAM \
  -pintsave_regs=BIGRAM,bigbss=BIGRAM,bigdata=BIGRAM -pbss=RAM \
  -pidata=CODE,irdata=CODE,ibigdata=CODE,ifardata=CODE -prparam=COMRAM \
  C:\Users\darci\AppData\Local\Temp\xcAsbm0.o \
  dist/default/debug\mini-proj-da-mm.X.debug.o 

Object code version is 3.11

Machine type is 18F67K40



                Name                               Link     Load   Length Selector   Space Scale
C:\Users\darci\AppData\Local\Temp\xcAsbm0.o
                idloc                            200000   200000       10        0       5
                config                           300000   300000        C        0       4
                init                                 BE       BE        4        4       0
                reset_vec                             0        0        6        0       0
dist/default/debug\mini-proj-da-mm.X.debug.o
                intcode                               8        8       B6        4       0
                idloc                            200000   200000       10        0       5
                config                           300000   300000        C        0       4
                temp                                 5E       5E        1        1       1
                text14                             1408     1408       1A        4       0
                text13                             1422     1422       14        4       0
                text12                             1380     1380       26        4       0
                text11                             1436     1436        A        4       0
                text10                             1254     1254       C8        4       0
                text9                              13A6     13A6       22        4       0
                text8                              1440     1440        6        4       0
                text7                              13E8     13E8       20        4       0
                text6                                C2       C2      4C0        4       0
                text5                               582      582      42A        4       0
                text4                              114E     114E      106        4       0
                text3                               F9A      F9A      1B4        4       0
                text2                              131C     131C       64        4       0
                text1                               D50      D50      24A        4       0
                text0                               9AC      9AC      3A4        4       0
                cstackCOMRAM                          1        1       4D        1       1
                bssBANK0                             60       60        4       60       1
                bssCOMRAM                            4E       4E       10        1       1
                cinit                              13C8     13C8       20        4       0

TOTAL           Name                               Link     Load   Length     Space
        CLASS   CODE           
                intcode                               8        8       B6         0
                init                                 BE       BE        4         0
                reset_vec                             0        0        6         0
                text14                             1408     1408       1A         0
                text13                             1422     1422       14         0
                text12                             1380     1380       26         0
                text11                             1436     1436        A         0
                text10                             1254     1254       C8         0
                text9                              13A6     13A6       22         0
                text8                              1440     1440        6         0
                text7                              13E8     13E8       20         0
                text6                                C2       C2      4C0         0
                text5                               582      582      42A         0
                text4                              114E     114E      106         0
                text3                               F9A      F9A      1B4         0
                text2                              131C     131C       64         0
                text1                               D50      D50      24A         0
                text0                               9AC      9AC      3A4         0
                cinit                              13C8     13C8       20         0

        CLASS   CONST          

        CLASS   SMALLCONST     

        CLASS   MEDIUMCONST    

        CLASS   COMRAM         
                temp                                 5E       5E        1         1
                cstackCOMRAM                          1        1       4D         1
                bssCOMRAM                            4E       4E       10         1

        CLASS   ABS1           

        CLASS   BIGRAM         

        CLASS   RAM            

        CLASS   BANK0          
                bssBANK0                             60       60        4         1

        CLASS   BANK1          

        CLASS   BANK2          

        CLASS   BANK3          

        CLASS   BANK4          

        CLASS   BANK5          

        CLASS   BANK6          

        CLASS   BANK7          

        CLASS   BANK8          

        CLASS   BANK9          

        CLASS   BANK10         

        CLASS   BANK11         

        CLASS   BANK12         

        CLASS   BANK13         

        CLASS   SFR            

        CLASS   BIGSFR         

        CLASS   CONFIG         
                config                           300000   300000        C         4

        CLASS   IDLOC          
                idloc                            200000   200000       10         5

        CLASS   EEDATA         

        CLASS   FARRAM         

        CLASS   HEAP           

        CLASS   STACK          



SEGMENTS        Name                           Load    Length   Top    Selector   Space  Class

                reset_vec                      000000  000006  000006         0       0  CODE    
                cstackCOMRAM                   000001  00005E  00005F         1       1  COMRAM  
                intcode                        000008  00143E  001446         4       0  CODE    
                bssBANK0                       000060  000004  000064        60       1  BANK0   


UNUSED ADDRESS RANGES

        Name                Unused          Largest block    Delta
        BANK0            000064-0000FF               9C
        BANK1            000100-0001FF              100
        BANK10           000A00-000AFF              100
        BANK11           000B00-000BFF              100
        BANK12           000C00-000CFF              100
        BANK13           000D00-000DE9               EA
        BANK2            000200-0002FF              100
        BANK3            000300-0003FF              100
        BANK4            000400-0004FF              100
        BANK5            000500-0005FF              100
        BANK6            000600-0006FF              100
        BANK7            000700-0007FF              100
        BANK8            000800-0008FF              100
        BANK9            000900-0009FF              100
        BIGRAM           00005F-00005F                1
                         000064-000DE9              D86
        BIGSFR           000DEF-000FFF              211
        CODE             000006-000007                2
                         001446-01FFFF            1EBBA
        COMRAM           00005F-00005F                1
        CONST            000006-000007                2
                         001446-01FFFF            1EBBA
        EEDATA           310000-3103FF              400
        MEDIUMCONST      001446-00FFFF             EBBA
                         010E00-01FFFF             F200
        RAM              000064-000DE9              100
        SFR              000DEF-000FFF              100
        SMALLCONST       001446-01FFFF              100

                                  Symbol Table

?___fladd                   cstackCOMRAM 000028
?___flmul                   cstackCOMRAM 00000F
?___fltol                   cstackCOMRAM 000038
?___lwmod                   cstackCOMRAM 000001
?___xxtofl                  cstackCOMRAM 000001
?_check_month               cstackCOMRAM 000006
LEDarray_disp_bin@number    cstackCOMRAM 000001
_ADCON0bits                 (abs)        000F60
_ADC_init                   text14       001408
_ADPCH                      (abs)        000F5F
_ADREFbits                  (abs)        000F58
_ADRESH                     (abs)        000F64
_ANSELAbits                 (abs)        000E92
_ANSELFbits                 (abs)        000EB4
_CM1CON0bits                (abs)        000ED0
_CM1CON1bits                (abs)        000ED1
_CM1NCHbits                 (abs)        000ED2
_CM1PCHbits                 (abs)        000ED3
_Comp1_init                 text12       001380
_DAC1CON0bits               (abs)        000EC6
_DAC1CON1bits               (abs)        000EC7
_DAC_init                   text13       001422
_HighISR                    intcode      000008
_INTCONbits                 (abs)        000FF2
_Interrupts_init            text11       001436
_LATAbits                   (abs)        000F79
_LATBbits                   (abs)        000F7A
_LATFbits                   (abs)        000F7E
_LATGbits                   (abs)        000F7F
_LATHbits                   (abs)        000F80
_LEDarray_disp_bin          text10       001254
_LEDarray_init              text9        0013A6
_Light_init                 text8        001440
_PIR2bits                   (abs)        000E35
_T0CON0bits                 (abs)        000FD5
_T0CON1bits                 (abs)        000FD6
_TMR0H                      (abs)        000FD4
_TMR0IE                     (abs)        00714D
_TMR0IF                     (abs)        00719D
_TMR0L                      (abs)        000FD3
_TRISAbits                  (abs)        000F81
_TRISBbits                  (abs)        000F82
_TRISFbits                  (abs)        000F86
_TRISGbits                  (abs)        000F87
_TRISHbits                  (abs)        000F88
_Timer0_init                text7        0013E8
__HRAM                      (abs)        000000
__Habs1                     abs1         000000
__Hbank0                    bank0        000000
__Hbank1                    bank1        000000
__Hbank10                   bank10       000000
__Hbank11                   bank11       000000
__Hbank12                   bank12       000000
__Hbank13                   bank13       000000
__Hbank2                    bank2        000000
__Hbank3                    bank3        000000
__Hbank4                    bank4        000000
__Hbank5                    bank5        000000
__Hbank6                    bank6        000000
__Hbank7                    bank7        000000
__Hbank8                    bank8        000000
__Hbank9                    bank9        000000
__Hbigbss                   bigbss       000000
__Hbigdata                  bigdata      000000
__Hbigram                   bigram       000000
__Hbigsfr                   bigsfr       000000
__Hbss                      bss          000000
__HbssBANK0                 bssBANK0     000000
__HbssCOMRAM                bssCOMRAM    000000
__Hcinit                    cinit        000000
__Hclrtext                  clrtext      000000
__Hcomram                   comram       000000
__Hconfig                   config       30000C
__Hconst                    const        000000
__HcstackCOMRAM             cstackCOMRAM 000000
__Hdata                     data         000000
__Heeprom_data              eeprom_data  000000
__Hfarbss                   farbss       000000
__Hfardata                  fardata      000000
__Hheap                     heap         000000
__Hibigdata                 ibigdata     000000
__Hidata                    idata        000000
__Hidloc                    idloc        200010
__Hifardata                 ifardata     000000
__Hinit                     init         0000C2
__Hintcode                  intcode      0000BE
__Hintcode_body             intcode_body 000000
__Hintcodelo                intcodelo    0000BE
__Hintentry                 intentry     000000
__Hintret                   intret       000000
__Hintsave_regs             intsave_regs 000000
__Hirdata                   irdata       000000
__Hmediumconst              mediumconst  000000
__HnvFARRAM                 nvFARRAM     000000
__Hnvbit                    nvbit        000000
__Hnvrram                   nvrram       000000
__Hparam                    rparam       000000
__Hpowerup                  powerup      0000BE
__Hram                      ram          000000
__Hramtop                   ramtop       000E00
__Hrbit                     rbit         000000
__Hrbss                     rbss         000000
__Hrdata                    rdata        000000
__Hreset_vec                reset_vec    000006
__Hrparam                   rparam       000000
__Hsfr                      sfr          000000
__Hsmallconst               smallconst   000000
__Hspace_0                  (abs)        001446
__Hspace_1                  (abs)        000064
__Hspace_2                  (abs)        000000
__Hspace_4                  (abs)        60000C
__Hstack                    stack        000000
__Hstruct                   struct       000000
__Htemp                     temp         00005F
__Htext                     text         000000
__Htext0                    text0        000000
__Htext1                    text1        000000
__Htext10                   text10       000000
__Htext11                   text11       000000
__Htext12                   text12       000000
__Htext13                   text13       000000
__Htext14                   text14       000000
__Htext2                    text2        000000
__Htext3                    text3        000000
__Htext4                    text4        000000
__Htext5                    text5        000000
__Htext6                    text6        000000
__Htext7                    text7        000000
__Htext8                    text8        000000
__Htext9                    text9        000000
__LRAM                      (abs)        000001
__Labs1                     abs1         000000
__Lbank0                    bank0        000000
__Lbank1                    bank1        000000
__Lbank10                   bank10       000000
__Lbank11                   bank11       000000
__Lbank12                   bank12       000000
__Lbank13                   bank13       000000
__Lbank2                    bank2        000000
__Lbank3                    bank3        000000
__Lbank4                    bank4        000000
__Lbank5                    bank5        000000
__Lbank6                    bank6        000000
__Lbank7                    bank7        000000
__Lbank8                    bank8        000000
__Lbank9                    bank9        000000
__Lbigbss                   bigbss       000000
__Lbigdata                  bigdata      000000
__Lbigram                   bigram       000000
__Lbigsfr                   bigsfr       000000
__Lbss                      bss          000000
__LbssBANK0                 bssBANK0     000000
__LbssCOMRAM                bssCOMRAM    000000
__Lcinit                    cinit        000000
__Lclrtext                  clrtext      000000
__Lcomram                   comram       000000
__Lconfig                   config       000000
__Lconst                    const        000000
__LcstackCOMRAM             cstackCOMRAM 000000
__Ldata                     data         000000
__Leeprom_data              eeprom_data  000000
__Lfarbss                   farbss       000000
__Lfardata                  fardata      000000
__Lheap                     heap         000000
__Libigdata                 ibigdata     000000
__Lidata                    idata        000000
__Lidloc                    idloc        000000
__Lifardata                 ifardata     000000
__Linit                     init         0000BE
__Lintcode                  intcode      000008
__Lintcode_body             intcode_body 000000
__Lintcodelo                intcodelo    0000BE
__Lintentry                 intentry     000000
__Lintret                   intret       000000
__Lintsave_regs             intsave_regs 000000
__Lirdata                   irdata       000000
__Lmediumconst              mediumconst  000000
__LnvFARRAM                 nvFARRAM     000000
__Lnvbit                    nvbit        000000
__Lnvrram                   nvrram       000000
__Lparam                    rparam       000000
__Lpowerup                  powerup      0000BE
__Lram                      ram          000000
__Lramtop                   ramtop       000E00
__Lrbit                     rbit         000000
__Lrbss                     rbss         000000
__Lrdata                    rdata        000000
__Lreset_vec                reset_vec    000000
__Lrparam                   rparam       000000
__Lsfr                      sfr          000000
__Lsmallconst               smallconst   000000
__Lspace_0                  (abs)        000000
__Lspace_1                  (abs)        000000
__Lspace_2                  (abs)        000000
__Lspace_4                  (abs)        000000
__Lstack                    stack        000000
__Lstruct                   struct       000000
__Ltemp                     temp         00005E
__Ltext                     text         000000
__Ltext0                    text0        000000
__Ltext1                    text1        000000
__Ltext10                   text10       000000
__Ltext11                   text11       000000
__Ltext12                   text12       000000
__Ltext13                   text13       000000
__Ltext14                   text14       000000
__Ltext2                    text2        000000
__Ltext3                    text3        000000
__Ltext4                    text4        000000
__Ltext5                    text5        000000
__Ltext6                    text6        000000
__Ltext7                    text7        000000
__Ltext8                    text8        000000
__Ltext9                    text9        000000
__S0                        (abs)        001446
__S1                        (abs)        000064
__S4                        (abs)        000000
__S5                        (abs)        000000
___fladd                    text6        0000C2
___fladd@a                  cstackCOMRAM 00002C
___fladd@aexp               cstackCOMRAM 000035
___fladd@b                  cstackCOMRAM 000028
___fladd@bexp               cstackCOMRAM 000036
___fladd@grs                cstackCOMRAM 000037
___fladd@signs              cstackCOMRAM 000034
___flmul                    text5        000582
___flmul@a                  cstackCOMRAM 000013
___flmul@aexp               cstackCOMRAM 000020
___flmul@b                  cstackCOMRAM 00000F
___flmul@bexp               cstackCOMRAM 000021
___flmul@grs                cstackCOMRAM 00001C
___flmul@prod               cstackCOMRAM 000022
___flmul@sign               cstackCOMRAM 00001B
___flmul@temp               cstackCOMRAM 000026
___fltol                    text4        00114E
___fltol@exp1               cstackCOMRAM 000041
___fltol@f1                 cstackCOMRAM 000038
___fltol@sign1              cstackCOMRAM 000040
___heap_hi                  (abs)        000000
___heap_lo                  (abs)        000000
___inthi_sp                 stack        000000
___intlo_sp                 stack        000000
___lwmod                    text2        00131C
___lwmod@counter            cstackCOMRAM 000005
___lwmod@dividend           cstackCOMRAM 000001
___lwmod@divisor            cstackCOMRAM 000003
___param_bank               (abs)        000000
___rparam_used              (abs)        000001
___sp                       stack        000000
___xxtofl                   text3        000F9A
___xxtofl@arg               cstackCOMRAM 00000B
___xxtofl@exp               cstackCOMRAM 00000A
___xxtofl@sign              cstackCOMRAM 000009
___xxtofl@val               cstackCOMRAM 000001
__accesstop                 (abs)        000060
__activetblptr              (abs)        000000
__end_of_ADC_init           text14       001422
__end_of_Comp1_init         text12       0013A6
__end_of_DAC_init           text13       001436
__end_of_HighISR            intcode      0000BE
__end_of_Interrupts_init    text11       001440
__end_of_LEDarray_disp_bin  text10       00131C
__end_of_LEDarray_init      text9        0013C8
__end_of_Light_init         text8        001446
__end_of_Timer0_init        text7        001408
__end_of___fladd            text6        000582
__end_of___flmul            text5        0009AC
__end_of___fltol            text4        001254
__end_of___lwmod            text2        001380
__end_of___xxtofl           text3        00114E
__end_of__initialization    cinit        0013DE
__end_of_check_month        text1        000F9A
__end_of_main               text0        000D50
__initialization            cinit        0013C8
__mediumconst               mediumconst  000000
__pbssBANK0                 bssBANK0     000060
__pbssCOMRAM                bssCOMRAM    00004E
__pcinit                    cinit        0013C8
__pcstackCOMRAM             cstackCOMRAM 000001
__pintcode                  intcode      000008
__ptext0                    text0        0009AC
__ptext1                    text1        000D50
__ptext10                   text10       001254
__ptext11                   text11       001436
__ptext12                   text12       001380
__ptext13                   text13       001422
__ptext14                   text14       001408
__ptext2                    text2        00131C
__ptext3                    text3        000F9A
__ptext4                    text4        00114E
__ptext5                    text5        000582
__ptext6                    text6        0000C2
__ptext7                    text7        0013E8
__ptext8                    text8        001440
__ptext9                    text9        0013A6
__ramtop                    ramtop       000E00
__smallconst                smallconst   000000
_calculated_solar_noon_hour bssBANK0     000062
_calculated_solar_noon_min  bssBANK0     000060
_check_month                text1        000D50
_current_day_hour           bssCOMRAM    000058
_current_day_min            bssCOMRAM    000056
_daylight_end_hour          bssCOMRAM    000050
_daylight_end_min           bssCOMRAM    00004E
_daylight_start_hour        bssCOMRAM    000054
_daylight_start_min         bssCOMRAM    000052
_hour                       bssCOMRAM    00005C
_main                       text0        0009AC
_minute                     bssCOMRAM    00005A
btemp                       temp         00005E
check_month@leap_year       cstackCOMRAM 00000E
check_month@month           cstackCOMRAM 000006
check_month@month_day       cstackCOMRAM 000008
check_month@year            cstackCOMRAM 00000A
end_of_initialization       cinit        0013DE
int$flags                   temp         00005E
intlevel0                   text         000000
intlevel1                   text         000000
intlevel2                   text         000000
intlevel3                   text         000000
isa$std                     (abs)        000001
isa$xinst                   (abs)        000000
main@changed                cstackCOMRAM 000046
main@day                    cstackCOMRAM 00004A
main@month                  cstackCOMRAM 000048
main@month_day              cstackCOMRAM 00004C
main@year                   cstackCOMRAM 000044
stackhi                     (abs)        000000
stacklo                     (abs)        000000
start                       init         0000BE
start_initialization        cinit        0013C8
ttemp5                      temp         00005F
ttemp6                      temp         000062
ttemp7                      temp         000066
wtemp8                      temp         00005F


MODULE INFORMATION

Module		Function		Class		Link	Load	Size
C:\Program Files\Microchip\xc8\v2.40\pic\sources\c99\common\sprcmul.c
		___flmul       		CODE           	0582	0000	1066

C:\Program Files\Microchip\xc8\v2.40\pic\sources\c99\common\sprcmul.c estimated size: 1066

../main.c
		_main          		CODE           	09AC	0000	932

../main.c estimated size: 932

../timers.c
		_Timer0_init   		CODE           	13E8	0000	32

../timers.c estimated size: 32

C:\Program Files\Microchip\xc8\v2.40\pic\sources\c99\common\fltol.c
		___fltol       		CODE           	114E	0000	262

C:\Program Files\Microchip\xc8\v2.40\pic\sources\c99\common\fltol.c estimated size: 262

../ADC.c
		_ADC_init      		CODE           	1408	0000	26

../ADC.c estimated size: 26

../comparator.c
		_DAC_init      		CODE           	1422	0000	20
		_Light_init    		CODE           	1440	0000	6
		_Comp1_init    		CODE           	1380	0000	38

../comparator.c estimated size: 64

C:\Program Files\Microchip\xc8\v2.40\pic\sources\c99\common\sprcadd.c
		___fladd       		CODE           	00C2	0000	1216

C:\Program Files\Microchip\xc8\v2.40\pic\sources\c99\common\sprcadd.c estimated size: 1216

../interrupts.c
		_Interrupts_init		CODE           	1436	0000	10
		_HighISR       		CODE           	0008	0000	182

../interrupts.c estimated size: 192

C:\Program Files\Microchip\xc8\v2.40\pic\sources\c99\common\xxtofl.c
		___xxtofl      		CODE           	0F9A	0000	436

C:\Program Files\Microchip\xc8\v2.40\pic\sources\c99\common\xxtofl.c estimated size: 436

../LEDarray.c
		_LEDarray_init 		CODE           	13A6	0000	34
		_LEDarray_disp_bin		CODE           	1254	0000	200

../LEDarray.c estimated size: 234

shared
		__initialization		CODE           	13C8	0000	22

shared estimated size: 22

C:\Program Files\Microchip\xc8\v2.40\pic\sources\c99\common\lwmod.c
		___lwmod       		CODE           	131C	0000	100

C:\Program Files\Microchip\xc8\v2.40\pic\sources\c99\common\lwmod.c estimated size: 100

../MonthTracker.c
		_check_month   		CODE           	0D50	0000	586

../MonthTracker.c estimated size: 586

